// Jest Snapshot v1, https://goo.gl/fbAQLP

exports[`renders always given content 1`] = `
<div
  style={
    Object {
      "backgroundColor": "transparent",
      "border": "none",
      "boxSizing": "border-box",
      "color": "#363636",
      "fontFamily": "Arial, sans-serif",
      "fontSize": "11px",
      "fontStyle": "normal",
      "fontWeight": "normal",
      "lineHeight": "1.1",
      "margin": "0",
      "padding": "0",
      "textAlign": "left",
      "textDecoration": "none",
      "textShadow": "none",
      "textTransform": "none",
      "verticalAlign": "unset",
    }
  }
>
  <img
    alt="siegel"
    src="siegel-s.png"
    style={
      Object {
        "backgroundColor": "transparent",
        "border": "none",
        "boxSizing": "border-box",
        "color": "#363636",
        "fontFamily": "Arial, sans-serif",
        "fontSize": "11px",
        "fontStyle": "normal",
        "fontWeight": "normal",
        "lineHeight": "1.1",
        "margin": "0",
        "padding": "0",
        "position": "relative",
        "right": "-155px",
        "textAlign": "left",
        "textDecoration": "none",
        "textShadow": "none",
        "textTransform": "none",
        "verticalAlign": "unset",
        "width": "40px",
      }
    }
  />
  <div
    style={
      Object {
        "backgroundColor": "white",
        "border": "1px solid lightGray",
        "borderRadius": "6px",
        "borderTop": "8px solid #00a4f9",
        "boxShadow": "1px 1px 3px lightgrey",
        "boxSizing": "border-box",
        "color": "#363636",
        "fontFamily": "Arial, sans-serif",
        "fontSize": "11px",
        "fontStyle": "normal",
        "fontWeight": "normal",
        "lineHeight": "1.1",
        "margin": "-32px 0 5px 0",
        "padding": "8px",
        "textAlign": "left",
        "textDecoration": "none",
        "textShadow": "none",
        "textTransform": "none",
        "verticalAlign": "unset",
        "width": "180px",
      }
    }
  >
    <h2
      style={
        Object {
          "backgroundColor": "white",
          "border": "none",
          "boxSizing": "border-box",
          "color": "#00a4f9",
          "fontFamily": "Arial, sans-serif",
          "fontSize": "13px",
          "fontStyle": "normal",
          "fontWeight": "bold",
          "lineHeight": "1.0",
          "margin": "11px 0",
          "padding": "0",
          "textAlign": "center",
          "textDecoration": "none",
          "textShadow": "none",
          "textTransform": "none",
          "verticalAlign": "unset",
        }
      }
    >
      Schueleraustausch.net
    </h2>
    <p
      style={
        Object {
          "backgroundColor": "white",
          "border": "none",
          "boxSizing": "border-box",
          "color": "#363636",
          "fontFamily": "Arial, sans-serif",
          "fontSize": "11px",
          "fontStyle": "normal",
          "fontWeight": "normal",
          "lineHeight": "1.3",
          "margin": "10px 0",
          "padding": "0",
          "textAlign": "center",
          "textDecoration": "none",
          "textShadow": "none",
          "textTransform": "none",
          "verticalAlign": "unset",
        }
      }
    >
      42
       Schüler bewerteten 
      <a
        href="http://example.com"
        style={
          Object {
            "backgroundColor": "white",
            "border": "none",
            "boxSizing": "border-box",
            "color": "#00a4f9",
            "fontFamily": "Arial, sans-serif",
            "fontSize": "11px",
            "fontStyle": "normal",
            "fontWeight": "bold",
            "lineHeight": "1.1",
            "margin": "0",
            "padding": "0",
            "textAlign": "left",
            "textDecoration": "none",
            "textShadow": "none",
            "textTransform": "none",
            "verticalAlign": "unset",
          }
        }
      >
        GYG
      </a>
    </p>
    <div
      style={
        Object {
          "backgroundColor": "white",
          "border": "none",
          "borderBottom": "1px solid lightgrey",
          "borderTop": "1px solid lightgrey",
          "boxSizing": "border-box",
          "color": "#363636",
          "fontFamily": "Arial, sans-serif",
          "fontSize": "12px",
          "fontStyle": "normal",
          "fontWeight": "normal",
          "lineHeight": "1.1",
          "margin": "15px 0",
          "padding": "10px 0",
          "textAlign": "center",
          "textDecoration": "none",
          "textShadow": "none",
          "textTransform": "none",
          "verticalAlign": "unset",
        }
      }
    >
      <img
        alt="bewertung"
        src="star-3.5.png"
        style={
          Object {
            "backgroundColor": "white",
            "border": "none",
            "boxSizing": "border-box",
            "color": "#363636",
            "fontFamily": "Arial, sans-serif",
            "fontSize": "11px",
            "fontStyle": "normal",
            "fontWeight": "normal",
            "lineHeight": "1.1",
            "margin": "0",
            "padding": "0",
            "textAlign": "left",
            "textDecoration": "none",
            "textShadow": "none",
            "textTransform": "none",
            "verticalAlign": "unset",
          }
        }
      />
      <br />
      <strong
        style={
          Object {
            "backgroundColor": "white",
            "border": "none",
            "boxSizing": "border-box",
            "color": "#363636",
            "fontFamily": "Arial, sans-serif",
            "fontSize": "12px",
            "fontStyle": "normal",
            "fontWeight": "bold",
            "lineHeight": "1.1",
            "margin": "0",
            "padding": "0",
            "textAlign": "left",
            "textDecoration": "none",
            "textShadow": "none",
            "textTransform": "none",
            "verticalAlign": "unset",
          }
        }
      >
        Sehr gut
         (
        3.7
        /5)
      </strong>
    </div>
    <p
      style={
        Object {
          "backgroundColor": "white",
          "border": "none",
          "boxSizing": "border-box",
          "color": "#363636",
          "fontFamily": "Arial, sans-serif",
          "fontSize": "11px",
          "fontStyle": "normal",
          "fontWeight": "normal",
          "lineHeight": "1.3",
          "margin": "10px 0",
          "padding": "0",
          "textAlign": "center",
          "textDecoration": "none",
          "textShadow": "none",
          "textTransform": "none",
          "verticalAlign": "unset",
        }
      }
    >
      Stand: 
      8/2017
      <br />
      Aktuelle Schülerbewertungen auf
      <br />
      <a
        alt="Bewertungen auf Schueleraustausch.net"
        href="https://www.schueleraustausch.net"
        style={
          Object {
            "backgroundColor": "white",
            "border": "none",
            "boxSizing": "border-box",
            "color": "#00a4f9",
            "fontFamily": "Arial, sans-serif",
            "fontSize": "11px",
            "fontStyle": "normal",
            "fontWeight": "normal",
            "lineHeight": "1.1",
            "margin": "0",
            "padding": "0",
            "textAlign": "left",
            "textDecoration": "none",
            "textShadow": "none",
            "textTransform": "none",
            "verticalAlign": "unset",
          }
        }
      >
        www.schueleraustausch.net
      </a>
    </p>
  </div>
</div>
`;
